<?xml version="1.0" encoding="UTF-8"?>
<testng-results ignored="0" total="4" passed="4" failed="0" skipped="0">
  <reporter-output>
  </reporter-output>
  <suite started-at="2024-03-28T17:37:09 IST" name="Gradle suite" finished-at="2024-03-28T17:37:25 IST" duration-ms="16164">
    <groups>
      <group name="API Tests">
        <method signature="testCase_API_01.testCase01()[pri:0, instance:qtriptest.APITests.testCase_API_01@534a5a98]" name="testCase01" class="qtriptest.APITests.testCase_API_01"/>
        <method signature="testCase_API_02.testCase02()[pri:0, instance:qtriptest.APITests.testCase_API_02@70e9c95d]" name="testCase02" class="qtriptest.APITests.testCase_API_02"/>
        <method signature="testCase_API_03.testCase03()[pri:0, instance:qtriptest.APITests.testCase_API_03@4d5650ae]" name="testCase03" class="qtriptest.APITests.testCase_API_03"/>
        <method signature="testCase_API_04.testCase04()[pri:0, instance:qtriptest.APITests.testCase_API_04@a38c7fe]" name="testCase04" class="qtriptest.APITests.testCase_API_04"/>
      </group> <!-- API Tests -->
    </groups>
    <test started-at="2024-03-28T17:37:09 IST" name="Gradle test" finished-at="2024-03-28T17:37:25 IST" duration-ms="16164">
      <class name="qtriptest.APITests.testCase_API_01">
        <test-method signature="testCase01()[pri:0, instance:qtriptest.APITests.testCase_API_01@534a5a98]" started-at="2024-03-28T17:37:10 IST" name="testCase01" finished-at="2024-03-28T17:37:17 IST" duration-ms="7956" status="PASS">
          <reporter-output>
          </reporter-output>
        </test-method> <!-- testCase01 -->
      </class> <!-- qtriptest.APITests.testCase_API_01 -->
      <class name="qtriptest.APITests.testCase_API_02">
        <test-method signature="testCase02()[pri:0, instance:qtriptest.APITests.testCase_API_02@70e9c95d]" started-at="2024-03-28T17:37:18 IST" name="testCase02" finished-at="2024-03-28T17:37:20 IST" duration-ms="2067" status="PASS">
          <reporter-output>
          </reporter-output>
        </test-method> <!-- testCase02 -->
      </class> <!-- qtriptest.APITests.testCase_API_02 -->
      <class name="qtriptest.APITests.testCase_API_03">
        <test-method signature="testCase03()[pri:0, instance:qtriptest.APITests.testCase_API_03@4d5650ae]" started-at="2024-03-28T17:37:20 IST" name="testCase03" finished-at="2024-03-28T17:37:23 IST" duration-ms="3577" status="PASS">
          <reporter-output>
          </reporter-output>
        </test-method> <!-- testCase03 -->
      </class> <!-- qtriptest.APITests.testCase_API_03 -->
      <class name="qtriptest.APITests.testCase_API_04">
        <test-method signature="testCase04()[pri:0, instance:qtriptest.APITests.testCase_API_04@a38c7fe]" started-at="2024-03-28T17:37:23 IST" name="testCase04" finished-at="2024-03-28T17:37:25 IST" duration-ms="2307" status="PASS">
          <reporter-output>
          </reporter-output>
        </test-method> <!-- testCase04 -->
      </class> <!-- qtriptest.APITests.testCase_API_04 -->
    </test> <!-- Gradle test -->
  </suite> <!-- Gradle suite -->
</testng-results>
